! Package webquiz Error: choice environments cannot contain an \answer !.
