! Package webquiz Error: Only one \when wrong per question is allowed!.
