! Package webquiz Error: Each question can contain only one \answer command.
