! Package webquiz Error: Only one \when right per question is allowed!.
