! Package webquiz Error: You cannot have \answer inside a choice environment.
