! Package webquiz Error: Only one feedback per option is allowed!.
