! Package webquiz Error: Choice environment with no choices!.
