! Package webquiz Error: question environments cannot be nested!.
! Package webquiz Error: Each question must contain a choice environment or an 
! Package webquiz Error: Each question must contain a choice environment or an 
