! Package webquiz Error: \title can only be used in the preamble.
